16:49:38 **** Incremental Build of configuration Debug for project STM32H7B3I-DK ****
make -j4 all 
arm-none-eabi-g++ "E:/GitHub/STM32H7B3-DK/TouchGFXProjects/003_Counter/TouchGFX/gui/src/screen1_screen/Screen1Presenter.cpp" -mcpu=cortex-m7 -std=gnu++14 -g3 -DUSE_HAL_DRIVER -DUSE_BPP=24 -DSTM32H7B3xxQ -DDEBUG -DUSE_BPP=24 -c -I../../Core/Inc -I../../Drivers/CMSIS/Include -I../../Drivers/BSP -I../../TouchGFX/target -I../../TouchGFX/App -I../../Middlewares/Third_Party/FreeRTOS/Source/CMSIS_RTOS_V2 -I../../Middlewares/Third_Party/FreeRTOS/Source/CMSIS_RTOS -I../../TouchGFX/target/generated -I../../Drivers/STM32H7xx_HAL_Driver/Inc -I../../Drivers/BSP/Components/Common -I../../Drivers/CMSIS/Device/ST/STM32H7xx/Include -I../../Drivers/BSP/STM32H7B3I-DK -I../../Middlewares/Third_Party/FreeRTOS/Source/include -I../../Middlewares/Third_Party/FreeRTOS/Source/portable/GCC/ARM_CM4F -I../../Drivers/BSP/Components/mx25lm51245g -I../../Drivers/STM32H7xx_HAL_Driver/Inc/Legacy -I../../Middlewares/ST/touchgfx/framework/include -I../../TouchGFX/generated/fonts/include -I../../TouchGFX/generated/gui_generated/include -I../../TouchGFX/generated/images/include -I../../TouchGFX/generated/texts/include -I../../TouchGFX/gui/include -I../../TouchGFX/generated/videos/include -I../../LIBJPEG/App -I../../LIBJPEG/Target -I../../Utilities/JPEG -I../../Middlewares/Third_Party/LibJPEG/include -O0 -ffunction-sections -fdata-sections -fno-exceptions -fno-rtti -fno-use-cxa-atexit -Wall -femit-class-debug-always -fstack-usage -fcyclomatic-complexity -MMD -MP -MF"Application/User/gui/Screen1Presenter.d" -MT"Application/User/gui/Screen1Presenter.o" --specs=nano.specs -mfpu=fpv5-d16 -mfloat-abi=hard -mthumb -o "Application/User/gui/Screen1Presenter.o"
arm-none-eabi-g++ "E:/GitHub/STM32H7B3-DK/TouchGFXProjects/003_Counter/TouchGFX/gui/src/screen1_screen/Screen1View.cpp" -mcpu=cortex-m7 -std=gnu++14 -g3 -DUSE_HAL_DRIVER -DUSE_BPP=24 -DSTM32H7B3xxQ -DDEBUG -DUSE_BPP=24 -c -I../../Core/Inc -I../../Drivers/CMSIS/Include -I../../Drivers/BSP -I../../TouchGFX/target -I../../TouchGFX/App -I../../Middlewares/Third_Party/FreeRTOS/Source/CMSIS_RTOS_V2 -I../../Middlewares/Third_Party/FreeRTOS/Source/CMSIS_RTOS -I../../TouchGFX/target/generated -I../../Drivers/STM32H7xx_HAL_Driver/Inc -I../../Drivers/BSP/Components/Common -I../../Drivers/CMSIS/Device/ST/STM32H7xx/Include -I../../Drivers/BSP/STM32H7B3I-DK -I../../Middlewares/Third_Party/FreeRTOS/Source/include -I../../Middlewares/Third_Party/FreeRTOS/Source/portable/GCC/ARM_CM4F -I../../Drivers/BSP/Components/mx25lm51245g -I../../Drivers/STM32H7xx_HAL_Driver/Inc/Legacy -I../../Middlewares/ST/touchgfx/framework/include -I../../TouchGFX/generated/fonts/include -I../../TouchGFX/generated/gui_generated/include -I../../TouchGFX/generated/images/include -I../../TouchGFX/generated/texts/include -I../../TouchGFX/gui/include -I../../TouchGFX/generated/videos/include -I../../LIBJPEG/App -I../../LIBJPEG/Target -I../../Utilities/JPEG -I../../Middlewares/Third_Party/LibJPEG/include -O0 -ffunction-sections -fdata-sections -fno-exceptions -fno-rtti -fno-use-cxa-atexit -Wall -femit-class-debug-always -fstack-usage -fcyclomatic-complexity -MMD -MP -MF"Application/User/gui/Screen1View.d" -MT"Application/User/gui/Screen1View.o" --specs=nano.specs -mfpu=fpv5-d16 -mfloat-abi=hard -mthumb -o "Application/User/gui/Screen1View.o"
arm-none-eabi-g++ "E:/GitHub/STM32H7B3-DK/TouchGFXProjects/003_Counter/TouchGFX/generated/gui_generated/src/common/FrontendApplicationBase.cpp" -mcpu=cortex-m7 -std=gnu++14 -g3 -DUSE_HAL_DRIVER -DUSE_BPP=24 -DSTM32H7B3xxQ -DDEBUG -DUSE_BPP=24 -c -I../../Core/Inc -I../../Drivers/CMSIS/Include -I../../Drivers/BSP -I../../TouchGFX/target -I../../TouchGFX/App -I../../Middlewares/Third_Party/FreeRTOS/Source/CMSIS_RTOS_V2 -I../../Middlewares/Third_Party/FreeRTOS/Source/CMSIS_RTOS -I../../TouchGFX/target/generated -I../../Drivers/STM32H7xx_HAL_Driver/Inc -I../../Drivers/BSP/Components/Common -I../../Drivers/CMSIS/Device/ST/STM32H7xx/Include -I../../Drivers/BSP/STM32H7B3I-DK -I../../Middlewares/Third_Party/FreeRTOS/Source/include -I../../Middlewares/Third_Party/FreeRTOS/Source/portable/GCC/ARM_CM4F -I../../Drivers/BSP/Components/mx25lm51245g -I../../Drivers/STM32H7xx_HAL_Driver/Inc/Legacy -I../../Middlewares/ST/touchgfx/framework/include -I../../TouchGFX/generated/fonts/include -I../../TouchGFX/generated/gui_generated/include -I../../TouchGFX/generated/images/include -I../../TouchGFX/generated/texts/include -I../../TouchGFX/gui/include -I../../TouchGFX/generated/videos/include -I../../LIBJPEG/App -I../../LIBJPEG/Target -I../../Utilities/JPEG -I../../Middlewares/Third_Party/LibJPEG/include -O0 -ffunction-sections -fdata-sections -fno-exceptions -fno-rtti -fno-use-cxa-atexit -Wall -femit-class-debug-always -fstack-usage -fcyclomatic-complexity -MMD -MP -MF"Application/User/generated/FrontendApplicationBase.d" -MT"Application/User/generated/FrontendApplicationBase.o" --specs=nano.specs -mfpu=fpv5-d16 -mfloat-abi=hard -mthumb -o "Application/User/generated/FrontendApplicationBase.o"
arm-none-eabi-g++ "E:/GitHub/STM32H7B3-DK/TouchGFXProjects/003_Counter/TouchGFX/target/generated/TouchGFXConfiguration.cpp" -mcpu=cortex-m7 -std=gnu++14 -g3 -DUSE_HAL_DRIVER -DUSE_BPP=24 -DSTM32H7B3xxQ -DDEBUG -DUSE_BPP=24 -c -I../../Core/Inc -I../../Drivers/CMSIS/Include -I../../Drivers/BSP -I../../TouchGFX/target -I../../TouchGFX/App -I../../Middlewares/Third_Party/FreeRTOS/Source/CMSIS_RTOS_V2 -I../../Middlewares/Third_Party/FreeRTOS/Source/CMSIS_RTOS -I../../TouchGFX/target/generated -I../../Drivers/STM32H7xx_HAL_Driver/Inc -I../../Drivers/BSP/Components/Common -I../../Drivers/CMSIS/Device/ST/STM32H7xx/Include -I../../Drivers/BSP/STM32H7B3I-DK -I../../Middlewares/Third_Party/FreeRTOS/Source/include -I../../Middlewares/Third_Party/FreeRTOS/Source/portable/GCC/ARM_CM4F -I../../Drivers/BSP/Components/mx25lm51245g -I../../Drivers/STM32H7xx_HAL_Driver/Inc/Legacy -I../../Middlewares/ST/touchgfx/framework/include -I../../TouchGFX/generated/fonts/include -I../../TouchGFX/generated/gui_generated/include -I../../TouchGFX/generated/images/include -I../../TouchGFX/generated/texts/include -I../../TouchGFX/gui/include -I../../TouchGFX/generated/videos/include -I../../LIBJPEG/App -I../../LIBJPEG/Target -I../../Utilities/JPEG -I../../Middlewares/Third_Party/LibJPEG/include -O0 -ffunction-sections -fdata-sections -fno-exceptions -fno-rtti -fno-use-cxa-atexit -Wall -femit-class-debug-always -fstack-usage -fcyclomatic-complexity -MMD -MP -MF"Application/User/TouchGFX/target/generated/TouchGFXConfiguration.d" -MT"Application/User/TouchGFX/target/generated/TouchGFXConfiguration.o" --specs=nano.specs -mfpu=fpv5-d16 -mfloat-abi=hard -mthumb -o "Application/User/TouchGFX/target/generated/TouchGFXConfiguration.o"
arm-none-eabi-g++ "E:/GitHub/STM32H7B3-DK/TouchGFXProjects/003_Counter/TouchGFX/target/generated/TouchGFXGeneratedHAL.cpp" -mcpu=cortex-m7 -std=gnu++14 -g3 -DUSE_HAL_DRIVER -DUSE_BPP=24 -DSTM32H7B3xxQ -DDEBUG -DUSE_BPP=24 -c -I../../Core/Inc -I../../Drivers/CMSIS/Include -I../../Drivers/BSP -I../../TouchGFX/target -I../../TouchGFX/App -I../../Middlewares/Third_Party/FreeRTOS/Source/CMSIS_RTOS_V2 -I../../Middlewares/Third_Party/FreeRTOS/Source/CMSIS_RTOS -I../../TouchGFX/target/generated -I../../Drivers/STM32H7xx_HAL_Driver/Inc -I../../Drivers/BSP/Components/Common -I../../Drivers/CMSIS/Device/ST/STM32H7xx/Include -I../../Drivers/BSP/STM32H7B3I-DK -I../../Middlewares/Third_Party/FreeRTOS/Source/include -I../../Middlewares/Third_Party/FreeRTOS/Source/portable/GCC/ARM_CM4F -I../../Drivers/BSP/Components/mx25lm51245g -I../../Drivers/STM32H7xx_HAL_Driver/Inc/Legacy -I../../Middlewares/ST/touchgfx/framework/include -I../../TouchGFX/generated/fonts/include -I../../TouchGFX/generated/gui_generated/include -I../../TouchGFX/generated/images/include -I../../TouchGFX/generated/texts/include -I../../TouchGFX/gui/include -I../../TouchGFX/generated/videos/include -I../../LIBJPEG/App -I../../LIBJPEG/Target -I../../Utilities/JPEG -I../../Middlewares/Third_Party/LibJPEG/include -O0 -ffunction-sections -fdata-sections -fno-exceptions -fno-rtti -fno-use-cxa-atexit -Wall -femit-class-debug-always -fstack-usage -fcyclomatic-complexity -MMD -MP -MF"Application/User/TouchGFX/target/generated/TouchGFXGeneratedHAL.d" -MT"Application/User/TouchGFX/target/generated/TouchGFXGeneratedHAL.o" --specs=nano.specs -mfpu=fpv5-d16 -mfloat-abi=hard -mthumb -o "Application/User/TouchGFX/target/generated/TouchGFXGeneratedHAL.o"
arm-none-eabi-g++ -o "STM32H7B3I-DK.elf" @"objects.list"  -l:libtouchgfx-float-abi-hard.a -mcpu=cortex-m7 -T"E:\GitHub\STM32H7B3-DK\TouchGFXProjects\003_Counter\STM32CubeIDE\STM32H7B3LIHXQ_FLASH.ld" --specs=nosys.specs -Wl,-Map="STM32H7B3I-DK.map" -Wl,--gc-sections -static -LC:/git/STM32H7B3dk/stm32h7b3i_disco/STM32H7B3I-DK/Middlewares/ST/touchgfx/lib/core/cortex_m7/gcc -LC:/git/STM32H7B3Idk/stm32h7b3i_disco/STM32H7B3I-DK/Middlewares/ST/touchgfx/lib/core/cortex_m7/gcc -LC:/TouchGFXProjects/GitRepository/pacman/at/stm32h7b3i_disco/STM32H7B3I-DK/Middlewares/ST/touchgfx/lib/core/cortex_m7/gcc -LE:/GitHub/STM32H7B3-DK/TouchGFXProjects/003_Counter/Middlewares/ST/touchgfx/lib/core/cortex_m7/gcc --specs=nano.specs -mfpu=fpv5-d16 -mfloat-abi=hard -mthumb -Wl,--start-group -lc -lm -lstdc++ -lsupc++ -Wl,--end-group
Finished building target: STM32H7B3I-DK.elf
 
arm-none-eabi-size   STM32H7B3I-DK.elf 
arm-none-eabi-objdump -h -S  STM32H7B3I-DK.elf  > "STM32H7B3I-DK.list"
arm-none-eabi-objcopy  -O ihex  STM32H7B3I-DK.elf  "STM32H7B3I-DK.hex"
   text	   data	    bss	    dec	    hex	filename
1017880	  23376	1316832	2358088	 23fb48	STM32H7B3I-DK.elf
Finished building: default.size.stdout
 
Finished building: STM32H7B3I-DK.hex
 
Finished building: STM32H7B3I-DK.list
 
16:50:00 **** Incremental Build of configuration Debug for project STM32H7B3I-DK ****
make -j4 all 
arm-none-eabi-size   STM32H7B3I-DK.elf 
   text	   data	    bss	    dec	    hex	filename
1017880	  23376	1316832	2358088	 23fb48	STM32H7B3I-DK.elf
Finished building: default.size.stdout
 
